62.210.148.247 - - [29/Sep/2016:07:55:38 -0400] "GET /robots.txt HTTP/1.0" 404 476 "-" "Mozilla/5.0 (compatible; MJ12bot/v1.4.5; http://www.majestic12.co.uk/bot.php?+)"
62.210.148.247 - - [29/Sep/2016:07:55:40 -0400] "GET / HTTP/1.0" 500 9169 "-" "Mozilla/5.0 (compatible; MJ12bot/v1.4.5; http://www.majestic12.co.uk/bot.php?+)"
111.93.181.226 - - [29/Sep/2016:09:06:01 -0400] "GET / HTTP/1.1" 500 9210 "-" "Mozilla/5.0 (Windows NT 10.0; WOW64) AppleWebKit/537.36 (KHTML, like Gecko) Chrome/53.0.2785.116 Safari/537.36"
111.93.181.226 - - [29/Sep/2016:09:06:02 -0400] "GET /favicon.ico HTTP/1.1" 404 517 "http://averagepriceforawebsite.com/" "Mozilla/5.0 (Windows NT 10.0; WOW64) AppleWebKit/537.36 (KHTML, like Gecko) Chrome/53.0.2785.116 Safari/537.36"
111.93.181.226 - - [29/Sep/2016:09:06:03 -0400] "GET / HTTP/1.1" 500 9210 "-" "Mozilla/5.0 (Windows NT 10.0; WOW64) AppleWebKit/537.36 (KHTML, like Gecko) Chrome/53.0.2785.116 Safari/537.36"
111.93.181.226 - - [29/Sep/2016:09:06:03 -0400] "GET /favicon.ico HTTP/1.1" 404 517 "http://averagepriceforawebsite.com/" "Mozilla/5.0 (Windows NT 10.0; WOW64) AppleWebKit/537.36 (KHTML, like Gecko) Chrome/53.0.2785.116 Safari/537.36"
111.93.181.226 - - [29/Sep/2016:09:06:04 -0400] "GET / HTTP/1.1" 500 9210 "-" "Mozilla/5.0 (Windows NT 10.0; WOW64) AppleWebKit/537.36 (KHTML, like Gecko) Chrome/53.0.2785.116 Safari/537.36"
111.93.181.226 - - [29/Sep/2016:09:06:04 -0400] "GET /favicon.ico HTTP/1.1" 404 517 "http://averagepriceforawebsite.com/" "Mozilla/5.0 (Windows NT 10.0; WOW64) AppleWebKit/537.36 (KHTML, like Gecko) Chrome/53.0.2785.116 Safari/537.36"
111.93.181.226 - - [29/Sep/2016:09:07:12 -0400] "GET / HTTP/1.1" 500 9210 "-" "Mozilla/5.0 (Windows NT 10.0; WOW64) AppleWebKit/537.36 (KHTML, like Gecko) Chrome/53.0.2785.116 Safari/537.36"
111.93.181.226 - - [29/Sep/2016:09:11:45 -0400] "GET / HTTP/1.1" 500 9210 "-" "Mozilla/5.0 (X11; Linux x86_64) AppleWebKit/537.36 (KHTML, like Gecko) Ubuntu Chromium/52.0.2743.116 Chrome/52.0.2743.116 Safari/537.36"
111.93.181.226 - - [29/Sep/2016:09:11:45 -0400] "GET /favicon.ico HTTP/1.1" 404 517 "http://averagepriceforawebsite.com/" "Mozilla/5.0 (X11; Linux x86_64) AppleWebKit/537.36 (KHTML, like Gecko) Ubuntu Chromium/52.0.2743.116 Chrome/52.0.2743.116 Safari/537.36"
111.93.181.226 - - [29/Sep/2016:09:28:37 -0400] "GET / HTTP/1.1" 500 9210 "-" "Mozilla/5.0 (X11; Linux x86_64) AppleWebKit/537.36 (KHTML, like Gecko) Chrome/50.0.2661.94 Safari/537.36"
111.93.181.226 - - [29/Sep/2016:09:28:37 -0400] "GET /favicon.ico HTTP/1.1" 404 517 "http://averagepriceforawebsite.com/" "Mozilla/5.0 (X11; Linux x86_64) AppleWebKit/537.36 (KHTML, like Gecko) Chrome/50.0.2661.94 Safari/537.36"
111.93.181.226 - - [29/Sep/2016:09:30:58 -0400] "GET / HTTP/1.1" 500 9210 "-" "Mozilla/5.0 (Windows NT 10.0; WOW64) AppleWebKit/537.36 (KHTML, like Gecko) Chrome/53.0.2785.116 Safari/537.36"
111.93.181.226 - - [29/Sep/2016:09:30:59 -0400] "GET /favicon.ico HTTP/1.1" 404 517 "http://averagepriceforawebsite.com/" "Mozilla/5.0 (Windows NT 10.0; WOW64) AppleWebKit/537.36 (KHTML, like Gecko) Chrome/53.0.2785.116 Safari/537.36"
104.156.231.254 - - [29/Sep/2016:10:16:51 -0400] "GET / HTTP/1.1" 500 9210 "-" "Mozilla/5.0 (Windows NT 6.1; WOW64) AppleWebKit/537.36 (KHTML, like Gecko) Chrome/40.0.2214.115 Safari/537.36"
122.163.13.192 - - [29/Sep/2016:10:35:44 -0400] "GET / HTTP/1.1" 500 9210 "-" "Mozilla/5.0 (Windows NT 10.0; WOW64) AppleWebKit/537.36 (KHTML, like Gecko) Chrome/53.0.2785.116 Safari/537.36"
122.163.13.192 - - [29/Sep/2016:10:35:45 -0400] "GET /favicon.ico HTTP/1.1" 404 517 "http://averagepriceforawebsite.com/" "Mozilla/5.0 (Windows NT 10.0; WOW64) AppleWebKit/537.36 (KHTML, like Gecko) Chrome/53.0.2785.116 Safari/537.36"
111.93.181.226 - - [29/Sep/2016:10:36:10 -0400] "GET / HTTP/1.1" 500 9210 "-" "Mozilla/5.0 (Windows NT 10.0; WOW64) AppleWebKit/537.36 (KHTML, like Gecko) Chrome/53.0.2785.116 Safari/537.36"
122.163.13.192 - - [29/Sep/2016:10:41:27 -0400] "GET / HTTP/1.1" 500 9210 "-" "Mozilla/5.0 (Windows NT 10.0; WOW64) AppleWebKit/537.36 (KHTML, like Gecko) Chrome/53.0.2785.116 Safari/537.36"
111.93.181.226 - - [29/Sep/2016:10:42:50 -0400] "GET / HTTP/1.1" 500 9210 "-" "Mozilla/5.0 (Windows NT 10.0; WOW64) AppleWebKit/537.36 (KHTML, like Gecko) Chrome/53.0.2785.116 Safari/537.36"
111.93.181.226 - - [29/Sep/2016:15:50:48 -0400] "GET / HTTP/1.1" 500 9210 "-" "Mozilla/5.0 (Windows NT 10.0; WOW64) AppleWebKit/537.36 (KHTML, like Gecko) Chrome/53.0.2785.116 Safari/537.36"
157.55.39.191 - - [29/Sep/2016:17:02:41 -0400] "GET /robots.txt HTTP/1.1" 404 516 "-" "Mozilla/5.0 (compatible; bingbot/2.0; +http://www.bing.com/bingbot.htm)"
157.55.39.191 - - [29/Sep/2016:17:03:11 -0400] "GET / HTTP/1.1" 500 9210 "-" "Mozilla/5.0 (compatible; bingbot/2.0; +http://www.bing.com/bingbot.htm)"
180.76.15.153 - - [29/Sep/2016:18:30:41 -0400] "GET /marketing-pages HTTP/1.1" 404 484 "-" "Mozilla/5.0 (compatible; Baiduspider/2.0; +http://www.baidu.com/search/spider.html)"
52.91.18.42 - - [29/Sep/2016:22:21:44 -0400] "GET /wp-login.php HTTP/1.1" 404 462 "-" "Mozilla/5.0 (Windows NT 6.1; WOW64; rv:40.0) Gecko/20100101 Firefox/40.1"
52.91.18.42 - - [29/Sep/2016:22:21:44 -0400] "GET /administrator/ HTTP/1.1" 404 464 "-" "Mozilla/5.0 (Windows NT 6.1; rv:31.0) Gecko/20100101 Firefox/31.0"
183.87.236.53 - - [30/Sep/2016:00:47:24 -0400] "GET / HTTP/1.1" 500 9210 "-" "Mozilla/4.0 (compatible; MSIE 5.5; Windows NT 4.0)"
157.55.39.191 - - [30/Sep/2016:04:24:44 -0400] "GET /robots.txt HTTP/1.1" 404 516 "-" "Mozilla/5.0 (compatible; bingbot/2.0; +http://www.bing.com/bingbot.htm)"
157.55.39.191 - - [30/Sep/2016:04:25:05 -0400] "GET / HTTP/1.1" 500 9210 "-" "Mozilla/5.0 (compatible; bingbot/2.0; +http://www.bing.com/bingbot.htm)"
157.55.39.150 - - [30/Sep/2016:05:36:59 -0400] "GET /marketing-pages HTTP/1.1" 404 521 "-" "Mozilla/5.0 (compatible; bingbot/2.0; +http://www.bing.com/bingbot.htm)"
157.55.39.191 - - [30/Sep/2016:11:35:27 -0400] "GET /robots.txt HTTP/1.1" 404 516 "-" "Mozilla/5.0 (compatible; bingbot/2.0; +http://www.bing.com/bingbot.htm)"
157.55.39.191 - - [30/Sep/2016:11:35:32 -0400] "GET / HTTP/1.1" 500 9210 "-" "Mozilla/5.0 (compatible; bingbot/2.0; +http://www.bing.com/bingbot.htm)"
180.76.15.158 - - [30/Sep/2016:13:25:08 -0400] "GET /marketing-pages HTTP/1.1" 404 484 "-" "Mozilla/5.0 (compatible; Baiduspider/2.0; +http://www.baidu.com/search/spider.html)"
66.249.65.47 - - [30/Sep/2016:13:58:10 -0400] "GET /robots.txt HTTP/1.1" 404 516 "-" "Mozilla/5.0 (compatible; Googlebot/2.1; +http://www.google.com/bot.html)"
66.249.65.46 - - [30/Sep/2016:13:58:10 -0400] "GET / HTTP/1.1" 500 9210 "-" "Mozilla/5.0 (Linux; Android 6.0.1; Nexus 5X Build/MMB29P) AppleWebKit/537.36 (KHTML, like Gecko) Chrome/41.0.2272.96 Mobile Safari/537.36 (compatible; Googlebot/2.1; +http://www.google.com/bot.html)"
66.249.65.44 - - [30/Sep/2016:13:58:20 -0400] "GET /public/css/mystyle.css HTTP/1.1" 200 2502 "http://averagepriceforawebsite.com/" "Mozilla/5.0 (compatible; Googlebot/2.1; +http://www.google.com/bot.html)"
66.249.65.46 - - [30/Sep/2016:13:58:21 -0400] "GET /public/css/bootstrap.min.css HTTP/1.1" 200 20090 "http://averagepriceforawebsite.com/" "Mozilla/5.0 (compatible; Googlebot/2.1; +http://www.google.com/bot.html)"
66.249.65.46 - - [30/Sep/2016:13:58:21 -0400] "GET /public/css/animate.css HTTP/1.1" 200 4767 "http://averagepriceforawebsite.com/" "Mozilla/5.0 (compatible; Googlebot/2.1; +http://www.google.com/bot.html)"
185.129.148.216 - - [30/Sep/2016:17:12:40 -0400] "HEAD / HTTP/1.1" 500 233 "-" "python-requests/2.7.0 CPython/2.7.10 Linux/3.2.0-4-amd64"
66.249.73.161 - - [30/Sep/2016:19:32:42 -0400] "GET / HTTP/1.1" 500 9210 "-" "Mozilla/5.0 (Linux; Android 6.0.1; Nexus 5X Build/MMB29P) AppleWebKit/537.36 (KHTML, like Gecko) Chrome/41.0.2272.96 Mobile Safari/537.36 (compatible; Googlebot/2.1; +http://www.google.com/bot.html)"
157.55.39.191 - - [30/Sep/2016:21:40:35 -0400] "GET /robots.txt HTTP/1.1" 404 516 "-" "Mozilla/5.0 (compatible; bingbot/2.0; +http://www.bing.com/bingbot.htm)"
157.55.39.191 - - [30/Sep/2016:21:40:50 -0400] "GET / HTTP/1.1" 500 9210 "-" "Mozilla/5.0 (compatible; bingbot/2.0; +http://www.bing.com/bingbot.htm)"
62.210.250.212 - - [01/Oct/2016:00:54:18 -0400] "GET /robots.txt HTTP/1.0" 404 479 "-" "Mozilla/5.0 (compatible; MJ12bot/v1.4.5; http://www.majestic12.co.uk/bot.php?+)"
62.210.250.212 - - [01/Oct/2016:00:54:22 -0400] "GET /marketing-pages HTTP/1.0" 404 484 "-" "Mozilla/5.0 (compatible; MJ12bot/v1.4.5; http://www.majestic12.co.uk/bot.php?+)"
66.249.73.161 - - [01/Oct/2016:02:28:48 -0400] "GET /robots.txt HTTP/1.1" 404 516 "-" "Mozilla/5.0 (compatible; Googlebot/2.1; +http://www.google.com/bot.html)"
66.249.73.165 - - [01/Oct/2016:02:28:48 -0400] "GET / HTTP/1.1" 500 9210 "-" "Mozilla/5.0 (Linux; Android 6.0.1; Nexus 5X Build/MMB29P) AppleWebKit/537.36 (KHTML, like Gecko) Chrome/41.0.2272.96 Mobile Safari/537.36 (compatible; Googlebot/2.1; +http://www.google.com/bot.html)"
54.172.1.254 - - [01/Oct/2016:05:43:41 -0400] "GET /wp-login.php HTTP/1.1" 404 462 "-" "Mozilla/5.0 (Windows NT 6.1; WOW64; rv:40.0) Gecko/20100101 Firefox/40.1"
54.172.1.254 - - [01/Oct/2016:05:43:41 -0400] "GET /administrator/ HTTP/1.1" 404 464 "-" "Mozilla/5.0 (Windows NT 6.1; rv:31.0) Gecko/20100101 Firefox/31.0"
157.55.39.150 - - [01/Oct/2016:06:37:47 -0400] "GET /marketing-pages HTTP/1.1" 404 521 "-" "Mozilla/5.0 (compatible; bingbot/2.0; +http://www.bing.com/bingbot.htm)"
180.76.15.27 - - [01/Oct/2016:07:03:09 -0400] "GET / HTTP/1.1" 500 9210 "-" "Mozilla/5.0 (compatible; Baiduspider/2.0; +http://www.baidu.com/search/spider.html)"
91.121.44.159 - - [01/Oct/2016:07:33:46 -0400] "GET /?author=1 HTTP/1.1" 500 9210 "-" "Mozilla/5.0 (Windows NT 6.3; WOW64; rv:28.0) Gecko/20100101 Firefox/28.0"
202.46.53.205 - - [01/Oct/2016:07:36:38 -0400] "GET / HTTP/1.1" 500 9210 "-" "Mozilla/5.0 (Windows NT 10.0; WOW64) AppleWebKit/537.36 (KHTML, like Gecko) Chrome/45.0.2454.93 Safari/537.36"
104.193.88.243 - - [01/Oct/2016:08:10:08 -0400] "GET / HTTP/1.1" 500 9210 "-" "Mozilla/5.0 (Windows NT 10.0; WOW64) AppleWebKit/537.36 (KHTML, like Gecko) Chrome/45.0.2454.93 Safari/537.36"
157.55.39.191 - - [01/Oct/2016:09:29:48 -0400] "GET /robots.txt HTTP/1.1" 404 516 "-" "Mozilla/5.0 (compatible; bingbot/2.0; +http://www.bing.com/bingbot.htm)"
157.55.39.191 - - [01/Oct/2016:09:30:00 -0400] "GET / HTTP/1.1" 500 9210 "-" "Mozilla/5.0 (compatible; bingbot/2.0; +http://www.bing.com/bingbot.htm)"
157.55.39.191 - - [01/Oct/2016:21:08:33 -0400] "GET /robots.txt HTTP/1.1" 404 516 "-" "Mozilla/5.0 (compatible; bingbot/2.0; +http://www.bing.com/bingbot.htm)"
157.55.39.191 - - [01/Oct/2016:21:09:17 -0400] "GET / HTTP/1.1" 500 9210 "-" "Mozilla/5.0 (compatible; bingbot/2.0; +http://www.bing.com/bingbot.htm)"
136.243.152.18 - - [02/Oct/2016:04:06:40 -0400] "GET /robots.txt HTTP/1.0" 404 479 "-" "Mozilla/5.0 (compatible; MJ12bot/v1.4.5; http://www.majestic12.co.uk/bot.php?+)"
136.243.152.18 - - [02/Oct/2016:04:06:42 -0400] "GET / HTTP/1.0" 500 9169 "-" "Mozilla/5.0 (compatible; MJ12bot/v1.4.5; http://www.majestic12.co.uk/bot.php?+)"
66.249.73.157 - - [02/Oct/2016:06:39:08 -0400] "GET /robots.txt HTTP/1.1" 404 516 "-" "Mozilla/5.0 (compatible; Googlebot/2.1; +http://www.google.com/bot.html)"
66.249.73.157 - - [02/Oct/2016:06:39:08 -0400] "GET / HTTP/1.1" 500 9210 "-" "Mozilla/5.0 (compatible; Googlebot/2.1; +http://www.google.com/bot.html)"
157.55.39.191 - - [02/Oct/2016:08:38:22 -0400] "GET /robots.txt HTTP/1.1" 404 516 "-" "Mozilla/5.0 (compatible; bingbot/2.0; +http://www.bing.com/bingbot.htm)"
157.55.39.191 - - [02/Oct/2016:08:39:59 -0400] "GET / HTTP/1.1" 500 9210 "-" "Mozilla/5.0 (compatible; bingbot/2.0; +http://www.bing.com/bingbot.htm)"
149.202.175.145 - - [02/Oct/2016:11:20:43 -0400] "GET /wp-login.php HTTP/1.1" 404 518 "-" "Mozilla/5.0 (Windows NT 6.0; WOW64) AppleWebKit/537.1 (KHTML, like Gecko) Chrome/23.0.1271.6 Safari/537.11"
149.202.175.145 - - [02/Oct/2016:11:21:42 -0400] "GET /administrator/ HTTP/1.1" 404 520 "-" "Mozilla/5.0 (Windows NT 6.0; WOW64) AppleWebKit/537.1 (KHTML, like Gecko) Chrome/23.0.1271.6 Safari/537.11"
149.202.175.145 - - [02/Oct/2016:11:22:45 -0400] "GET /admin.php HTTP/1.1" 404 515 "-" "Mozilla/5.0 (Windows NT 6.0; WOW64) AppleWebKit/537.1 (KHTML, like Gecko) Chrome/23.0.1271.6 Safari/537.11"
69.30.213.202 - - [02/Oct/2016:12:07:43 -0400] "GET /robots.txt HTTP/1.0" 404 516 "-" "Mozilla/5.0 (compatible; MJ12bot/v1.4.5; http://www.majestic12.co.uk/bot.php?+)"
69.30.213.202 - - [02/Oct/2016:12:07:45 -0400] "GET /marketing-pages HTTP/1.0" 404 520 "-" "Mozilla/5.0 (compatible; MJ12bot/v1.4.5; http://www.majestic12.co.uk/bot.php?+)"
66.249.65.46 - - [02/Oct/2016:12:58:40 -0400] "GET / HTTP/1.1" 500 9210 "-" "Mozilla/5.0 (compatible; Googlebot/2.1; +http://www.google.com/bot.html)"
52.88.88.255 - - [02/Oct/2016:13:25:00 -0400] "GET /wp-login.php HTTP/1.1" 404 462 "-" "Mozilla/5.0 (Windows NT 6.1; WOW64; rv:40.0) Gecko/20100101 Firefox/40.1"
52.88.88.255 - - [02/Oct/2016:13:25:00 -0400] "GET /administrator/ HTTP/1.1" 404 464 "-" "Mozilla/5.0 (Windows NT 6.1; rv:31.0) Gecko/20100101 Firefox/31.0"
66.249.65.47 - - [02/Oct/2016:18:50:51 -0400] "GET /robots.txt HTTP/1.1" 404 516 "-" "Mozilla/5.0 (compatible; Googlebot/2.1; +http://www.google.com/bot.html)"
66.249.65.44 - - [02/Oct/2016:18:50:51 -0400] "GET / HTTP/1.1" 500 9210 "-" "Mozilla/5.0 (compatible; Googlebot/2.1; +http://www.google.com/bot.html)"
183.87.236.122 - - [02/Oct/2016:19:28:12 -0400] "GET / HTTP/1.1" 500 9210 "-" "Mozilla/4.0 (compatible; MSIE 5.5; Windows NT 4.0)"
157.55.39.191 - - [02/Oct/2016:20:01:48 -0400] "GET /robots.txt HTTP/1.1" 404 516 "-" "Mozilla/5.0 (compatible; bingbot/2.0; +http://www.bing.com/bingbot.htm)"
157.55.39.191 - - [02/Oct/2016:20:02:15 -0400] "GET / HTTP/1.1" 500 9210 "-" "Mozilla/5.0 (compatible; bingbot/2.0; +http://www.bing.com/bingbot.htm)"
24.48.66.66 - - [02/Oct/2016:21:09:07 -0400] "GET / HTTP/1.1" 500 9210 "-" "Mozilla/5.0 (Windows NT 5.1) AppleWebKit/535.1 (KHTML, like Gecko) Chrome/13.0.782.41 Safari/535.1"
66.249.65.46 - - [03/Oct/2016:00:56:29 -0400] "GET / HTTP/1.1" 500 9210 "-" "Mozilla/5.0 (compatible; Googlebot/2.1; +http://www.google.com/bot.html)"
66.249.65.47 - - [03/Oct/2016:07:06:29 -0400] "GET /robots.txt HTTP/1.1" 404 516 "-" "Mozilla/5.0 (compatible; Googlebot/2.1; +http://www.google.com/bot.html)"
66.249.65.46 - - [03/Oct/2016:07:06:29 -0400] "GET / HTTP/1.1" 500 9210 "-" "Mozilla/5.0 (compatible; Googlebot/2.1; +http://www.google.com/bot.html)"
66.249.65.44 - - [03/Oct/2016:07:06:37 -0400] "GET / HTTP/1.1" 500 9210 "-" "Mozilla/5.0 (compatible; Googlebot/2.1; +http://www.google.com/bot.html)"
157.55.39.191 - - [03/Oct/2016:08:12:20 -0400] "GET / HTTP/1.1" 500 9210 "-" "Mozilla/5.0 (compatible; bingbot/2.0; +http://www.bing.com/bingbot.htm)"
134.249.159.113 - - [03/Oct/2016:10:55:32 -0400] "GET / HTTP/1.1" 500 9210 "-" "-"
66.249.66.187 - - [03/Oct/2016:14:01:25 -0400] "GET / HTTP/1.1" 500 9210 "-" "Mozilla/5.0 (compatible; Googlebot/2.1; +http://www.google.com/bot.html)"
94.154.239.69 - - [03/Oct/2016:14:09:41 -0400] "GET /robots.txt HTTP/1.0" 404 516 "-" "Mozilla/5.0 (compatible; MJ12bot/v1.4.5; http://www.majestic12.co.uk/bot.php?+)"
94.154.239.69 - - [03/Oct/2016:14:09:44 -0400] "GET / HTTP/1.1" 500 9210 "-" "Mozilla/5.0 (compatible; MJ12bot/v1.4.5; http://www.majestic12.co.uk/bot.php?+)"
157.55.39.191 - - [03/Oct/2016:19:40:53 -0400] "GET / HTTP/1.1" 500 9210 "-" "Mozilla/5.0 (compatible; bingbot/2.0; +http://www.bing.com/bingbot.htm)"
220.181.51.82 - - [03/Oct/2016:20:49:22 -0400] "GET /robots.txt HTTP/1.1" 404 479 "-" "Mozilla/5.0 (Windows NT 10.0; WOW64) AppleWebKit/537.36 (KHTML, like Gecko) Chrome/45.0.2454.93 Safari/537.36"
66.249.66.187 - - [03/Oct/2016:21:13:28 -0400] "GET /robots.txt HTTP/1.1" 404 516 "-" "Mozilla/5.0 (compatible; Googlebot/2.1; +http://www.google.com/bot.html)"
66.249.66.187 - - [03/Oct/2016:21:13:28 -0400] "GET / HTTP/1.1" 500 9210 "-" "Mozilla/5.0 (compatible; Googlebot/2.1; +http://www.google.com/bot.html)"
157.55.39.191 - - [04/Oct/2016:00:47:23 -0400] "GET / HTTP/1.1" 500 9210 "-" "Mozilla/5.0 (iPhone; CPU iPhone OS 7_0 like Mac OS X) AppleWebKit/537.51.1 (KHTML, like Gecko) Version/7.0 Mobile/11A465 Safari/9537.53 (compatible; bingbot/2.0; +http://www.bing.com/bingbot.htm)"
91.121.211.59 - - [04/Oct/2016:01:47:58 -0400] "GET /robots.txt HTTP/1.0" 404 479 "-" "Mozilla/5.0 (compatible; MJ12bot/v1.4.5; http://www.majestic12.co.uk/bot.php?+)"
91.121.211.59 - - [04/Oct/2016:01:47:59 -0400] "GET /marketing-pages HTTP/1.0" 404 484 "-" "Mozilla/5.0 (compatible; MJ12bot/v1.4.5; http://www.majestic12.co.uk/bot.php?+)"
180.76.15.160 - - [04/Oct/2016:02:00:28 -0400] "GET / HTTP/1.1" 500 9210 "-" "Mozilla/5.0 (compatible; Baiduspider/2.0; +http://www.baidu.com/search/spider.html)"
202.46.57.26 - - [04/Oct/2016:02:33:58 -0400] "GET / HTTP/1.1" 500 9210 "-" "Mozilla/5.0 (Windows NT 10.0; WOW64) AppleWebKit/537.36 (KHTML, like Gecko) Chrome/45.0.2454.93 Safari/537.36"
104.193.88.244 - - [04/Oct/2016:03:07:27 -0400] "GET / HTTP/1.1" 500 9210 "-" "Mozilla/5.0 (Windows NT 10.0; WOW64) AppleWebKit/537.36 (KHTML, like Gecko) Chrome/45.0.2454.93 Safari/537.36"
180.76.15.154 - - [04/Oct/2016:03:40:56 -0400] "GET /public/js/bootstrap.min.js HTTP/1.1" 200 10079 "-" "Mozilla/5.0 (compatible; Baiduspider/2.0; +http://www.baidu.com/search/spider.html)"
151.80.44.115 - - [04/Oct/2016:04:32:54 -0400] "GET /robots.txt HTTP/1.0" 404 479 "-" "Mozilla/5.0 (compatible; MJ12bot/v1.4.5; http://www.majestic12.co.uk/bot.php?+)"
151.80.44.115 - - [04/Oct/2016:04:32:55 -0400] "GET /Contents/how HTTP/1.0" 404 481 "-" "Mozilla/5.0 (compatible; MJ12bot/v1.4.5; http://www.majestic12.co.uk/bot.php?+)"
151.80.44.115 - - [04/Oct/2016:04:32:57 -0400] "GET /Contents/payout HTTP/1.0" 404 484 "-" "Mozilla/5.0 (compatible; MJ12bot/v1.4.5; http://www.majestic12.co.uk/bot.php?+)"
151.80.44.115 - - [04/Oct/2016:04:32:59 -0400] "GET /Welcome/forget HTTP/1.0" 404 483 "-" "Mozilla/5.0 (compatible; MJ12bot/v1.4.5; http://www.majestic12.co.uk/bot.php?+)"
151.80.44.115 - - [04/Oct/2016:04:33:01 -0400] "GET /welcome/contact HTTP/1.0" 404 484 "-" "Mozilla/5.0 (compatible; MJ12bot/v1.4.5; http://www.majestic12.co.uk/bot.php?+)"
66.249.66.190 - - [04/Oct/2016:04:48:35 -0400] "GET / HTTP/1.1" 500 9210 "-" "Mozilla/5.0 (compatible; Googlebot/2.1; +http://www.google.com/bot.html)"
157.55.39.191 - - [04/Oct/2016:07:17:45 -0400] "GET / HTTP/1.1" 500 9210 "-" "Mozilla/5.0 (compatible; bingbot/2.0; +http://www.bing.com/bingbot.htm)"
180.76.15.134 - - [04/Oct/2016:16:39:14 -0400] "GET /public/js/bootstrap.min.js HTTP/1.1" 200 10079 "-" "Mozilla/5.0 (compatible; Baiduspider/2.0; +http://www.baidu.com/search/spider.html)"
107.22.15.153 - - [04/Oct/2016:18:37:04 -0400] "GET / HTTP/1.1" 500 9210 "-" "Mozilla/5.0 (Windows; U; Windows NT 6.0; en-US; rv:1.9.2.3) Gecko/20100401 Firefox/3.6.3 GTB6 (.NET CLR 3.5.30729)"
157.55.39.191 - - [04/Oct/2016:18:46:21 -0400] "GET / HTTP/1.1" 500 9210 "-" "Mozilla/5.0 (compatible; bingbot/2.0; +http://www.bing.com/bingbot.htm)"
62.138.2.243 - - [04/Oct/2016:20:09:07 -0400] "GET /robots.txt HTTP/1.0" 404 479 "-" "Mozilla/5.0 (compatible; MJ12bot/v1.4.5; http://www.majestic12.co.uk/bot.php?+)"
62.138.2.243 - - [04/Oct/2016:20:09:09 -0400] "GET /Contents/how HTTP/1.0" 404 481 "-" "Mozilla/5.0 (compatible; MJ12bot/v1.4.5; http://www.majestic12.co.uk/bot.php?+)"
62.138.2.243 - - [04/Oct/2016:20:09:10 -0400] "GET /Contents/payout HTTP/1.0" 404 484 "-" "Mozilla/5.0 (compatible; MJ12bot/v1.4.5; http://www.majestic12.co.uk/bot.php?+)"
62.138.2.243 - - [04/Oct/2016:20:09:12 -0400] "GET /Welcome/forget HTTP/1.0" 404 483 "-" "Mozilla/5.0 (compatible; MJ12bot/v1.4.5; http://www.majestic12.co.uk/bot.php?+)"
62.138.2.243 - - [04/Oct/2016:20:09:14 -0400] "GET /welcome/contact HTTP/1.0" 404 484 "-" "Mozilla/5.0 (compatible; MJ12bot/v1.4.5; http://www.majestic12.co.uk/bot.php?+)"
180.76.15.157 - - [04/Oct/2016:20:43:54 -0400] "GET / HTTP/1.1" 500 9210 "-" "Mozilla/5.0 (compatible; Baiduspider/2.0; +http://www.baidu.com/search/spider.html)"
66.249.79.101 - - [04/Oct/2016:22:19:35 -0400] "GET /robots.txt HTTP/1.1" 404 516 "-" "Mozilla/5.0 (compatible; Googlebot/2.1; +http://www.google.com/bot.html)"
66.249.79.93 - - [04/Oct/2016:22:19:35 -0400] "GET / HTTP/1.1" 500 9210 "-" "Mozilla/5.0 (compatible; Googlebot/2.1; +http://www.google.com/bot.html)"
157.55.39.191 - - [05/Oct/2016:06:40:29 -0400] "GET /robots.txt HTTP/1.1" 404 516 "-" "Mozilla/5.0 (compatible; bingbot/2.0; +http://www.bing.com/bingbot.htm)"
157.55.39.191 - - [05/Oct/2016:06:40:32 -0400] "GET / HTTP/1.1" 500 9210 "-" "Mozilla/5.0 (compatible; bingbot/2.0; +http://www.bing.com/bingbot.htm)"
66.249.64.93 - - [05/Oct/2016:13:46:11 -0400] "GET /robots.txt HTTP/1.1" 404 516 "-" "Mozilla/5.0 (compatible; Googlebot/2.1; +http://www.google.com/bot.html)"
66.249.64.97 - - [05/Oct/2016:13:46:11 -0400] "GET / HTTP/1.1" 500 9210 "-" "Mozilla/5.0 (compatible; Googlebot/2.1; +http://www.google.com/bot.html)"
180.76.15.12 - - [05/Oct/2016:17:00:59 -0400] "GET /robots.txt HTTP/1.1" 404 479 "-" "Mozilla/5.0 (Windows NT 5.1; rv:6.0.2) Gecko/20100101 Firefox/6.0.2"
157.55.39.191 - - [05/Oct/2016:18:05:21 -0400] "GET / HTTP/1.1" 500 9210 "-" "Mozilla/5.0 (compatible; bingbot/2.0; +http://www.bing.com/bingbot.htm)"
66.249.64.101 - - [05/Oct/2016:20:56:41 -0400] "GET / HTTP/1.1" 500 9210 "-" "Mozilla/5.0 (compatible; Googlebot/2.1; +http://www.google.com/bot.html)"
157.55.39.191 - - [06/Oct/2016:01:17:05 -0400] "GET / HTTP/1.1" 500 9210 "-" "Mozilla/5.0 (iPhone; CPU iPhone OS 7_0 like Mac OS X) AppleWebKit/537.51.1 (KHTML, like Gecko) Version/7.0 Mobile/11A465 Safari/9537.53 (compatible; bingbot/2.0; +http://www.bing.com/bingbot.htm)"
66.249.64.93 - - [06/Oct/2016:01:42:47 -0400] "GET / HTTP/1.1" 500 9210 "-" "Mozilla/5.0 (compatible; Googlebot/2.1; +http://www.google.com/bot.html)"
157.55.39.191 - - [06/Oct/2016:01:47:08 -0400] "GET / HTTP/1.1" 500 9210 "-" "Mozilla/5.0 (compatible; bingbot/2.0; +http://www.bing.com/bingbot.htm)"
41.202.174.24 - - [06/Oct/2016:04:19:24 -0400] "GET /averagepriceforawebsite.com.zip HTTP/1.1" 404 537 "-" "Mozilla/4.0 (compatible; MSIE 6.0; Windows NT 5.1; SV1)"
157.55.39.191 - - [06/Oct/2016:06:02:20 -0400] "GET / HTTP/1.1" 500 9210 "-" "Mozilla/5.0 (compatible; bingbot/2.0; +http://www.bing.com/bingbot.htm)"
66.249.64.97 - - [06/Oct/2016:07:06:29 -0400] "GET /robots.txt HTTP/1.1" 404 516 "-" "Mozilla/5.0 (compatible; Googlebot/2.1; +http://www.google.com/bot.html)"
66.249.64.93 - - [06/Oct/2016:07:06:29 -0400] "GET / HTTP/1.1" 500 9210 "-" "Mozilla/5.0 (compatible; Googlebot/2.1; +http://www.google.com/bot.html)"
66.249.64.101 - - [06/Oct/2016:08:48:50 -0400] "GET / HTTP/1.1" 500 9210 "-" "Mozilla/5.0 (compatible; Googlebot/2.1; +http://www.google.com/bot.html)"
66.249.64.97 - - [06/Oct/2016:12:45:29 -0400] "GET /public/css/mystyle.css HTTP/1.1" 200 2502 "http://averagepriceforawebsite.com/" "Mozilla/5.0 (compatible; Googlebot/2.1; +http://www.google.com/bot.html)"
66.249.64.101 - - [06/Oct/2016:12:45:30 -0400] "GET /public/css/animate.css HTTP/1.1" 200 4768 "http://averagepriceforawebsite.com/" "Mozilla/5.0 (compatible; Googlebot/2.1; +http://www.google.com/bot.html)"
66.249.64.97 - - [06/Oct/2016:12:45:30 -0400] "GET /public/css/bootstrap.min.css HTTP/1.1" 200 20089 "http://averagepriceforawebsite.com/" "Mozilla/5.0 (compatible; Googlebot/2.1; +http://www.google.com/bot.html)"
117.253.50.112 - - [06/Oct/2016:15:50:57 -0400] "GET /backup.zip HTTP/1.1" 404 516 "-" "Mozilla/4.0 (compatible; MSIE 6.0; Windows NT 5.1; SV1)"
104.207.150.177 - - [06/Oct/2016:17:45:34 -0400] "GET / HTTP/1.1" 500 9210 "-" "Mozilla/5.0 (Windows NT 6.1; WOW64) AppleWebKit/537.36 (KHTML, like Gecko) Chrome/40.0.2214.115 Safari/537.36"
157.55.39.191 - - [06/Oct/2016:18:00:51 -0400] "GET / HTTP/1.1" 500 9210 "-" "Mozilla/5.0 (compatible; bingbot/2.0; +http://www.bing.com/bingbot.htm)"
66.249.64.93 - - [06/Oct/2016:18:56:01 -0400] "GET / HTTP/1.1" 500 9210 "-" "Mozilla/5.0 (compatible; Googlebot/2.1; +http://www.google.com/bot.html)"
66.249.64.101 - - [06/Oct/2016:22:44:06 -0400] "GET /robots.txt HTTP/1.1" 404 516 "-" "Mozilla/5.0 (compatible; Googlebot/2.1; +http://www.google.com/bot.html)"
66.249.64.97 - - [06/Oct/2016:22:44:06 -0400] "GET / HTTP/1.1" 500 9210 "-" "Mozilla/5.0 (compatible; Googlebot/2.1; +http://www.google.com/bot.html)"
157.55.39.191 - - [07/Oct/2016:02:44:20 -0400] "GET / HTTP/1.1" 500 9210 "-" "Mozilla/5.0 (compatible; bingbot/2.0; +http://www.bing.com/bingbot.htm)"
157.55.39.191 - - [07/Oct/2016:05:48:38 -0400] "GET / HTTP/1.1" 500 9210 "-" "Mozilla/5.0 (compatible; bingbot/2.0; +http://www.bing.com/bingbot.htm)"
104.200.154.14 - - [07/Oct/2016:07:19:45 -0400] "GET /wp-login.php HTTP/1.1" 404 462 "-" "Mozilla/5.0 (Windows NT 6.1; WOW64) AppleWebKit/537.36 (KHTML, like Gecko) Chrome/36.0.1985.125 Safari/537.36"
104.200.154.14 - - [07/Oct/2016:07:19:46 -0400] "GET /administrator/index.php HTTP/1.1" 404 473 "-" "Mozilla/5.0 (Windows NT 6.1; WOW64) AppleWebKit/537.36 (KHTML, like Gecko) Chrome/36.0.1985.125 Safari/537.36"
104.200.154.14 - - [07/Oct/2016:07:19:46 -0400] "GET /user/ HTTP/1.1" 404 455 "-" "Mozilla/5.0 (Windows NT 6.1; WOW64) AppleWebKit/537.36 (KHTML, like Gecko) Chrome/36.0.1985.125 Safari/537.36"
104.200.154.14 - - [07/Oct/2016:07:19:46 -0400] "GET /admin/index.php HTTP/1.1" 404 465 "-" "Mozilla/5.0 (Windows NT 6.1; WOW64) AppleWebKit/537.36 (KHTML, like Gecko) Chrome/36.0.1985.125 Safari/537.36"
104.200.154.14 - - [07/Oct/2016:07:19:46 -0400] "GET /admin.php HTTP/1.1" 404 459 "-" "Mozilla/5.0 (Windows NT 6.1; WOW64) AppleWebKit/537.36 (KHTML, like Gecko) Chrome/36.0.1985.125 Safari/537.36"
104.200.154.14 - - [07/Oct/2016:07:19:46 -0400] "GET /admin.php?/cp/login&return= HTTP/1.1" 404 515 "-" "Mozilla/5.0 (Windows NT 6.1; WOW64) AppleWebKit/537.36 (KHTML, like Gecko) Chrome/36.0.1985.125 Safari/537.36"
104.200.154.14 - - [07/Oct/2016:07:19:47 -0400] "GET /manager/ HTTP/1.1" 404 514 "-" "Mozilla/5.0 (Windows NT 6.1; WOW64) AppleWebKit/537.36 (KHTML, like Gecko) Chrome/36.0.1985.125 Safari/537.36"
104.200.154.14 - - [07/Oct/2016:07:19:47 -0400] "GET /admin.php HTTP/1.1" 404 459 "-" "Mozilla/5.0 (Windows NT 6.1; WOW64) AppleWebKit/537.36 (KHTML, like Gecko) Chrome/36.0.1985.125 Safari/537.36"
104.200.154.14 - - [07/Oct/2016:07:19:47 -0400] "GET /typo3/ HTTP/1.1" 404 456 "-" "Mozilla/5.0 (Windows NT 6.1; WOW64) AppleWebKit/537.36 (KHTML, like Gecko) Chrome/36.0.1985.125 Safari/537.36"
104.200.154.14 - - [07/Oct/2016:07:19:47 -0400] "GET /index.php/admin HTTP/1.1" 404 4709 "-" "Mozilla/5.0 (Windows NT 6.1; WOW64) AppleWebKit/537.36 (KHTML, like Gecko) Chrome/36.0.1985.125 Safari/537.36"
66.249.64.97 - - [07/Oct/2016:08:08:10 -0400] "GET / HTTP/1.1" 500 9210 "-" "Mozilla/5.0 (compatible; Googlebot/2.1; +http://www.google.com/bot.html)"
212.117.180.130 - - [07/Oct/2016:16:33:48 -0400] "GET / HTTP/1.1" 500 9210 "http://burger-imperia.com/" "Mozilla/5.0 (X11; Linux x86_64) AppleWebKit/537.36 (KHTML, like Gecko) Chrome/37.0.2062.120 Safari/537.36"
207.46.13.16 - - [07/Oct/2016:18:27:24 -0400] "GET /robots.txt HTTP/1.1" 404 516 "-" "Mozilla/5.0 (compatible; bingbot/2.0; +http://www.bing.com/bingbot.htm)"
66.249.64.97 - - [07/Oct/2016:19:03:48 -0400] "GET /robots.txt HTTP/1.1" 404 516 "-" "Mozilla/5.0 (compatible; Googlebot/2.1; +http://www.google.com/bot.html)"
66.249.64.97 - - [07/Oct/2016:19:03:48 -0400] "GET / HTTP/1.1" 500 9210 "-" "Mozilla/5.0 (compatible; Googlebot/2.1; +http://www.google.com/bot.html)"
40.77.167.79 - - [07/Oct/2016:20:38:08 -0400] "GET / HTTP/1.1" 500 9210 "-" "Mozilla/5.0 (compatible; bingbot/2.0; +http://www.bing.com/bingbot.htm)"
66.249.64.101 - - [08/Oct/2016:01:09:37 -0400] "GET / HTTP/1.1" 500 9210 "-" "Mozilla/5.0 (compatible; Googlebot/2.1; +http://www.google.com/bot.html)"
149.202.175.145 - - [08/Oct/2016:05:20:14 -0400] "GET /wp-login.php HTTP/1.1" 404 518 "-" "Mozilla/5.0 (Windows NT 6.1; WOW64) AppleWebKit/537.1 (KHTML, like Gecko) Chrome/24.0.1290.1 Safari/537.13"
149.202.175.145 - - [08/Oct/2016:05:21:34 -0400] "GET /administrator/ HTTP/1.1" 404 520 "-" "Mozilla/5.0 (Windows NT 6.1; WOW64) AppleWebKit/537.1 (KHTML, like Gecko) Chrome/24.0.1290.1 Safari/537.13"
149.202.175.145 - - [08/Oct/2016:05:23:01 -0400] "GET /admin.php HTTP/1.1" 404 515 "-" "Mozilla/5.0 (Windows NT 6.1; WOW64) AppleWebKit/537.1 (KHTML, like Gecko) Chrome/24.0.1290.1 Safari/537.13"
157.55.39.173 - - [08/Oct/2016:05:25:51 -0400] "GET /robots.txt HTTP/1.1" 404 516 "-" "Mozilla/5.0 (compatible; bingbot/2.0; +http://www.bing.com/bingbot.htm)"
157.55.39.173 - - [08/Oct/2016:05:25:53 -0400] "GET / HTTP/1.1" 500 9210 "-" "Mozilla/5.0 (compatible; bingbot/2.0; +http://www.bing.com/bingbot.htm)"
195.154.146.225 - - [08/Oct/2016:06:51:15 -0400] "GET / HTTP/1.1" 500 9210 "-" "Mozilla/5.0 (Windows NT 6.1; Trident/7.0; rv:11.0) like Gecko"
37.46.83.107 - - [08/Oct/2016:06:57:31 -0400] "GET / HTTP/1.1" 500 9210 "http://burger-imperia.com/" "Mozilla/5.0 (X11; Linux x86_64) AppleWebKit/537.36 (KHTML, like Gecko) Chrome/37.0.2062.120 Safari/537.36"
66.249.64.93 - - [08/Oct/2016:07:34:18 -0400] "GET /robots.txt HTTP/1.1" 404 516 "-" "Mozilla/5.0 (compatible; Googlebot/2.1; +http://www.google.com/bot.html)"
66.249.64.93 - - [08/Oct/2016:07:34:18 -0400] "GET / HTTP/1.1" 500 9210 "-" "Mozilla/5.0 (compatible; Googlebot/2.1; +http://www.google.com/bot.html)"
157.55.39.173 - - [08/Oct/2016:12:03:48 -0400] "GET / HTTP/1.1" 500 9210 "-" "Mozilla/5.0 (compatible; bingbot/2.0; +http://www.bing.com/bingbot.htm)"
66.249.64.93 - - [08/Oct/2016:12:51:44 -0400] "GET / HTTP/1.1" 500 9210 "-" "Mozilla/5.0 (compatible; Googlebot/2.1; +http://www.google.com/bot.html)"
66.249.64.101 - - [08/Oct/2016:19:23:01 -0400] "GET / HTTP/1.1" 500 9210 "-" "Mozilla/5.0 (compatible; Googlebot/2.1; +http://www.google.com/bot.html)"
104.197.108.67 - - [08/Oct/2016:21:09:17 -0400] "GET / HTTP/1.1" 500 9210 "-" "Mozilla/5.0 (Windows NT 6.3; WOW64; rv:47.0) Gecko/20100101 Firefox/47.0"
207.46.13.134 - - [08/Oct/2016:23:58:09 -0400] "GET / HTTP/1.1" 500 9210 "-" "Mozilla/5.0 (compatible; bingbot/2.0; +http://www.bing.com/bingbot.htm)"
85.248.227.164 - - [09/Oct/2016:04:07:35 -0400] "GET / HTTP/1.1" 500 9210 "http://pizza-tycoon.com/" "Mozilla/5.0 (X11; Linux x86_64) AppleWebKit/537.36 (KHTML, like Gecko) Chrome/37.0.2062.120 Safari/537.36"
207.46.13.134 - - [09/Oct/2016:06:43:08 -0400] "GET / HTTP/1.1" 500 9210 "-" "Mozilla/5.0 (compatible; bingbot/2.0; +http://www.bing.com/bingbot.htm)"
66.249.64.101 - - [09/Oct/2016:11:24:38 -0400] "GET /robots.txt HTTP/1.1" 404 516 "-" "Mozilla/5.0 (compatible; Googlebot/2.1; +http://www.google.com/bot.html)"
66.249.64.101 - - [09/Oct/2016:11:24:38 -0400] "GET / HTTP/1.1" 500 9210 "-" "Mozilla/5.0 (Linux; Android 6.0.1; Nexus 5X Build/MMB29P) AppleWebKit/537.36 (KHTML, like Gecko) Chrome/41.0.2272.96 Mobile Safari/537.36 (compatible; Googlebot/2.1; +http://www.google.com/bot.html)"
207.46.13.134 - - [09/Oct/2016:11:42:43 -0400] "GET / HTTP/1.1" 500 9210 "-" "Mozilla/5.0 (compatible; bingbot/2.0; +http://www.bing.com/bingbot.htm)"
66.249.64.93 - - [09/Oct/2016:12:49:19 -0400] "GET / HTTP/1.1" 500 9210 "-" "Mozilla/5.0 (compatible; Googlebot/2.1; +http://www.google.com/bot.html)"
66.249.64.97 - - [09/Oct/2016:12:49:23 -0400] "GET /public/css/animate.css HTTP/1.1" 200 4768 "http://averagepriceforawebsite.com/" "Mozilla/5.0 (compatible; Googlebot/2.1; +http://www.google.com/bot.html)"
66.249.64.97 - - [09/Oct/2016:12:49:23 -0400] "GET /public/css/mystyle.css HTTP/1.1" 200 2501 "http://averagepriceforawebsite.com/" "Mozilla/5.0 (compatible; Googlebot/2.1; +http://www.google.com/bot.html)"
66.249.64.97 - - [09/Oct/2016:12:49:24 -0400] "GET /public/css/bootstrap.min.css HTTP/1.1" 200 20089 "http://averagepriceforawebsite.com/" "Mozilla/5.0 (compatible; Googlebot/2.1; +http://www.google.com/bot.html)"
66.249.64.101 - - [09/Oct/2016:19:15:34 -0400] "GET / HTTP/1.1" 500 9210 "-" "Mozilla/5.0 (compatible; Googlebot/2.1; +http://www.google.com/bot.html)"
66.249.64.93 - - [09/Oct/2016:19:15:50 -0400] "GET / HTTP/1.1" 500 9210 "-" "Mozilla/5.0 (Linux; Android 6.0.1; Nexus 5X Build/MMB29P) AppleWebKit/537.36 (KHTML, like Gecko) Chrome/41.0.2272.96 Mobile Safari/537.36 (compatible; Googlebot/2.1; +http://www.google.com/bot.html)"
157.55.39.241 - - [09/Oct/2016:23:12:40 -0400] "GET / HTTP/1.1" 500 9210 "-" "Mozilla/5.0 (compatible; bingbot/2.0; +http://www.bing.com/bingbot.htm)"
66.249.64.101 - - [10/Oct/2016:01:24:06 -0400] "GET /robots.txt HTTP/1.1" 404 516 "-" "Mozilla/5.0 (compatible; Googlebot/2.1; +http://www.google.com/bot.html)"
66.249.64.101 - - [10/Oct/2016:01:24:06 -0400] "GET / HTTP/1.1" 500 9210 "-" "Mozilla/5.0 (compatible; Googlebot/2.1; +http://www.google.com/bot.html)"
157.55.39.241 - - [10/Oct/2016:05:39:35 -0400] "GET / HTTP/1.1" 500 9210 "-" "Mozilla/5.0 (compatible; bingbot/2.0; +http://www.bing.com/bingbot.htm)"
66.249.64.93 - - [10/Oct/2016:07:33:43 -0400] "GET / HTTP/1.1" 500 9210 "-" "Mozilla/5.0 (compatible; Googlebot/2.1; +http://www.google.com/bot.html)"
66.249.64.101 - - [10/Oct/2016:08:08:10 -0400] "GET / HTTP/1.1" 500 9210 "-" "Mozilla/5.0 (compatible; Googlebot/2.1; +http://www.google.com/bot.html)"
178.32.203.32 - - [10/Oct/2016:09:55:54 -0400] "GET /?author=1 HTTP/1.1" 500 9210 "-" "Mozilla/5.0 (Windows NT 6.3; WOW64; rv:28.0) Gecko/20100101 Firefox/28.0"
31.131.106.245 - - [10/Oct/2016:13:07:09 -0400] "GET /administrator/ HTTP/1.1" 404 464 "-" "Mozilla/5.0 (Windows NT 6.0; rv:34.0) Gecko/20100101 Firefox/34.0"
31.131.106.245 - - [10/Oct/2016:13:07:09 -0400] "GET /administrator/index.php HTTP/1.1" 404 473 "http://averagepriceforawebsite.com/administrator/" "Mozilla/5.0 (Windows NT 6.0; rv:34.0) Gecko/20100101 Firefox/34.0"
31.131.106.245 - - [10/Oct/2016:13:12:37 -0400] "GET /wp-login.php HTTP/1.1" 404 462 "-" "Mozilla/5.0 (Windows NT 6.0; rv:34.0) Gecko/20100101 Firefox/34.0"
31.131.106.245 - - [10/Oct/2016:13:12:37 -0400] "GET /wp-admin/ HTTP/1.1" 404 459 "http://averagepriceforawebsite.com/wp-login.php" "Mozilla/5.0 (Windows NT 6.0; rv:34.0) Gecko/20100101 Firefox/34.0"
66.249.64.97 - - [10/Oct/2016:13:14:49 -0400] "GET / HTTP/1.1" 500 9210 "-" "Mozilla/5.0 (compatible; Googlebot/2.1; +http://www.google.com/bot.html)"
31.131.106.245 - - [10/Oct/2016:13:19:09 -0400] "GET /admin.php HTTP/1.1" 404 459 "-" "Mozilla/5.0 (Windows NT 6.0; rv:34.0) Gecko/20100101 Firefox/34.0"
31.131.106.245 - - [10/Oct/2016:13:20:10 -0400] "GET /admin HTTP/1.1" 404 455 "-" "Mozilla/5.0 (Windows NT 6.0; rv:34.0) Gecko/20100101 Firefox/34.0"
95.220.214.0 - - [10/Oct/2016:13:25:02 -0400] "GET /administrator/ HTTP/1.1" 404 464 "-" "Mozilla/5.0 (Windows NT 6.0; rv:34.0) Gecko/20100101 Firefox/34.0"
95.220.214.0 - - [10/Oct/2016:13:25:02 -0400] "GET /administrator/index.php HTTP/1.1" 404 473 "http://averagepriceforawebsite.com/administrator/" "Mozilla/5.0 (Windows NT 6.0; rv:34.0) Gecko/20100101 Firefox/34.0"
95.220.214.0 - - [10/Oct/2016:13:32:42 -0400] "GET /wp-login.php HTTP/1.1" 404 462 "-" "Mozilla/5.0 (Windows NT 6.0; rv:34.0) Gecko/20100101 Firefox/34.0"
95.220.214.0 - - [10/Oct/2016:13:32:42 -0400] "GET /wp-admin/ HTTP/1.1" 404 459 "http://averagepriceforawebsite.com/wp-login.php" "Mozilla/5.0 (Windows NT 6.0; rv:34.0) Gecko/20100101 Firefox/34.0"
95.220.214.0 - - [10/Oct/2016:13:34:36 -0400] "GET /admin.php HTTP/1.1" 404 459 "-" "Mozilla/5.0 (Windows NT 6.0; rv:34.0) Gecko/20100101 Firefox/34.0"
95.220.214.0 - - [10/Oct/2016:13:35:19 -0400] "GET /admin HTTP/1.1" 404 455 "-" "Mozilla/5.0 (Windows NT 6.0; rv:34.0) Gecko/20100101 Firefox/34.0"
5.44.173.25 - - [10/Oct/2016:13:39:59 -0400] "GET /administrator/ HTTP/1.1" 404 464 "-" "Mozilla/5.0 (Windows NT 6.0; rv:34.0) Gecko/20100101 Firefox/34.0"
5.44.173.25 - - [10/Oct/2016:13:39:59 -0400] "GET /administrator/index.php HTTP/1.1" 404 473 "http://averagepriceforawebsite.com/administrator/" "Mozilla/5.0 (Windows NT 6.0; rv:34.0) Gecko/20100101 Firefox/34.0"
5.44.173.25 - - [10/Oct/2016:13:47:29 -0400] "GET /wp-login.php HTTP/1.1" 404 462 "-" "Mozilla/5.0 (Windows NT 6.0; rv:34.0) Gecko/20100101 Firefox/34.0"
5.44.173.25 - - [10/Oct/2016:13:47:29 -0400] "GET /wp-admin/ HTTP/1.1" 404 459 "http://averagepriceforawebsite.com/wp-login.php" "Mozilla/5.0 (Windows NT 6.0; rv:34.0) Gecko/20100101 Firefox/34.0"
5.44.173.25 - - [10/Oct/2016:13:49:59 -0400] "GET /admin.php HTTP/1.1" 404 459 "-" "Mozilla/5.0 (Windows NT 6.0; rv:34.0) Gecko/20100101 Firefox/34.0"
5.44.173.25 - - [10/Oct/2016:13:50:53 -0400] "GET /admin HTTP/1.1" 404 455 "-" "Mozilla/5.0 (Windows NT 6.0; rv:34.0) Gecko/20100101 Firefox/34.0"
83.217.198.205 - - [10/Oct/2016:13:54:06 -0400] "GET /administrator/ HTTP/1.1" 404 464 "-" "Mozilla/5.0 (Windows NT 6.0; rv:34.0) Gecko/20100101 Firefox/34.0"
83.217.198.205 - - [10/Oct/2016:13:54:07 -0400] "GET /administrator/index.php HTTP/1.1" 404 473 "http://averagepriceforawebsite.com/administrator/" "Mozilla/5.0 (Windows NT 6.0; rv:34.0) Gecko/20100101 Firefox/34.0"
83.217.198.205 - - [10/Oct/2016:14:02:32 -0400] "GET /wp-login.php HTTP/1.1" 404 462 "-" "Mozilla/5.0 (Windows NT 6.0; rv:34.0) Gecko/20100101 Firefox/34.0"
83.217.198.205 - - [10/Oct/2016:14:02:32 -0400] "GET /wp-admin/ HTTP/1.1" 404 459 "http://averagepriceforawebsite.com/wp-login.php" "Mozilla/5.0 (Windows NT 6.0; rv:34.0) Gecko/20100101 Firefox/34.0"
83.217.198.205 - - [10/Oct/2016:14:04:53 -0400] "GET /admin.php HTTP/1.1" 404 459 "-" "Mozilla/5.0 (Windows NT 6.0; rv:34.0) Gecko/20100101 Firefox/34.0"
83.217.198.205 - - [10/Oct/2016:14:05:32 -0400] "GET /admin HTTP/1.1" 404 455 "-" "Mozilla/5.0 (Windows NT 6.0; rv:34.0) Gecko/20100101 Firefox/34.0"
77.232.152.116 - - [10/Oct/2016:14:08:21 -0400] "GET /administrator/ HTTP/1.1" 404 464 "-" "Mozilla/5.0 (Windows NT 6.0; rv:34.0) Gecko/20100101 Firefox/34.0"
77.232.152.116 - - [10/Oct/2016:14:08:21 -0400] "GET /administrator/index.php HTTP/1.1" 404 473 "http://averagepriceforawebsite.com/administrator/" "Mozilla/5.0 (Windows NT 6.0; rv:34.0) Gecko/20100101 Firefox/34.0"
77.232.152.116 - - [10/Oct/2016:14:15:03 -0400] "GET /wp-login.php HTTP/1.1" 404 462 "-" "Mozilla/5.0 (Windows NT 6.0; rv:34.0) Gecko/20100101 Firefox/34.0"
77.232.152.116 - - [10/Oct/2016:14:15:03 -0400] "GET /wp-admin/ HTTP/1.1" 404 459 "http://averagepriceforawebsite.com/wp-login.php" "Mozilla/5.0 (Windows NT 6.0; rv:34.0) Gecko/20100101 Firefox/34.0"
77.232.152.116 - - [10/Oct/2016:14:20:14 -0400] "GET /admin.php HTTP/1.1" 404 459 "-" "Mozilla/5.0 (Windows NT 6.0; rv:34.0) Gecko/20100101 Firefox/34.0"
77.232.152.116 - - [10/Oct/2016:14:20:53 -0400] "GET /admin HTTP/1.1" 404 455 "-" "Mozilla/5.0 (Windows NT 6.0; rv:34.0) Gecko/20100101 Firefox/34.0"
66.249.64.97 - - [10/Oct/2016:15:57:49 -0400] "GET /robots.txt HTTP/1.1" 404 516 "-" "Mozilla/5.0 (compatible; Googlebot/2.1; +http://www.google.com/bot.html)"
66.249.64.101 - - [10/Oct/2016:15:57:49 -0400] "GET / HTTP/1.1" 500 9210 "-" "Mozilla/5.0 (compatible; Googlebot/2.1; +http://www.google.com/bot.html)"
157.55.39.241 - - [10/Oct/2016:17:13:59 -0400] "GET /robots.txt HTTP/1.1" 404 516 "-" "Mozilla/5.0 (compatible; bingbot/2.0; +http://www.bing.com/bingbot.htm)"
157.55.39.241 - - [10/Oct/2016:17:14:35 -0400] "GET / HTTP/1.1" 500 9210 "-" "Mozilla/5.0 (compatible; bingbot/2.0; +http://www.bing.com/bingbot.htm)"
212.117.180.21 - - [10/Oct/2016:17:35:04 -0400] "GET / HTTP/1.1" 500 9210 "http://burger-imperia.com/" "Mozilla/5.0 (X11; Linux x86_64) AppleWebKit/537.36 (KHTML, like Gecko) Chrome/37.0.2062.120 Safari/537.36"
66.249.69.187 - - [10/Oct/2016:21:50:25 -0400] "GET / HTTP/1.1" 500 9210 "-" "Mozilla/5.0 (compatible; Googlebot/2.1; +http://www.google.com/bot.html)"
66.249.69.191 - - [11/Oct/2016:01:19:46 -0400] "GET / HTTP/1.1" 500 9210 "-" "Mozilla/5.0 (compatible; Googlebot/2.1; +http://www.google.com/bot.html)"
66.249.69.189 - - [11/Oct/2016:03:19:17 -0400] "GET / HTTP/1.1" 500 9210 "-" "Mozilla/5.0 (compatible; Googlebot/2.1; +http://www.google.com/bot.html)"
66.249.69.191 - - [11/Oct/2016:03:44:13 -0400] "GET / HTTP/1.1" 500 9210 "-" "Mozilla/5.0 (compatible; Googlebot/2.1; +http://www.google.com/bot.html)"
157.55.39.241 - - [11/Oct/2016:05:33:38 -0400] "GET / HTTP/1.1" 500 9210 "-" "Mozilla/5.0 (compatible; bingbot/2.0; +http://www.bing.com/bingbot.htm)"
66.249.69.187 - - [11/Oct/2016:06:50:08 -0400] "GET /robots.txt HTTP/1.1" 404 516 "-" "Mozilla/5.0 (compatible; Googlebot/2.1; +http://www.google.com/bot.html)"
66.249.69.189 - - [11/Oct/2016:06:50:08 -0400] "GET / HTTP/1.1" 500 9210 "-" "Mozilla/5.0 (compatible; Googlebot/2.1; +http://www.google.com/bot.html)"
220.181.108.102 - - [11/Oct/2016:12:04:34 -0400] "GET /robots.txt HTTP/1.1" 404 479 "-" "Mozilla/5.0 (compatible; Baiduspider/2.0; +http://www.baidu.com/search/spider.html)"
180.76.15.142 - - [11/Oct/2016:15:57:16 -0400] "GET / HTTP/1.1" 500 9210 "-" "Mozilla/5.0 (compatible; Baiduspider/2.0; +http://www.baidu.com/search/spider.html)"
202.46.52.175 - - [11/Oct/2016:16:30:45 -0400] "GET / HTTP/1.1" 500 9210 "-" "Mozilla/5.0 (Windows NT 10.0; WOW64) AppleWebKit/537.36 (KHTML, like Gecko) Chrome/45.0.2454.93 Safari/537.36"
104.193.88.243 - - [11/Oct/2016:17:04:15 -0400] "GET / HTTP/1.1" 500 9210 "-" "Mozilla/5.0 (Windows NT 10.0; WOW64) AppleWebKit/537.36 (KHTML, like Gecko) Chrome/45.0.2454.93 Safari/537.36"
66.249.69.191 - - [11/Oct/2016:18:01:20 -0400] "GET / HTTP/1.1" 500 9210 "-" "Mozilla/5.0 (compatible; Googlebot/2.1; +http://www.google.com/bot.html)"
157.55.39.241 - - [11/Oct/2016:19:32:14 -0400] "GET / HTTP/1.1" 500 9210 "-" "Mozilla/5.0 (compatible; bingbot/2.0; +http://www.bing.com/bingbot.htm)"
47.88.0.90 - - [11/Oct/2016:20:24:06 -0400] "GET /admin HTTP/1.1" 404 455 "http://averagepriceforawebsite.com/admin" "Mozilla/4.0 (compatible; MSIE 9.0; Windows NT 6.1; 125LA; .NET CLR 2.0.50727; .NET CLR 3.0.04506.648; .NET CLR 3.5.21022)"
47.88.0.90 - - [11/Oct/2016:20:24:06 -0400] "GET /admins HTTP/1.1" 404 456 "http://averagepriceforawebsite.com/admins" "Mozilla/4.0 (compatible; MSIE 9.0; Windows NT 6.1; 125LA; .NET CLR 2.0.50727; .NET CLR 3.0.04506.648; .NET CLR 3.5.21022)"
47.88.0.90 - - [11/Oct/2016:20:24:07 -0400] "GET /adminn HTTP/1.1" 404 456 "http://averagepriceforawebsite.com/adminn" "Mozilla/4.0 (compatible; MSIE 9.0; Windows NT 6.1; 125LA; .NET CLR 2.0.50727; .NET CLR 3.0.04506.648; .NET CLR 3.5.21022)"
47.88.0.90 - - [11/Oct/2016:20:24:07 -0400] "GET /administrator HTTP/1.1" 404 463 "http://averagepriceforawebsite.com/administrator" "Mozilla/4.0 (compatible; MSIE 9.0; Windows NT 6.1; 125LA; .NET CLR 2.0.50727; .NET CLR 3.0.04506.648; .NET CLR 3.5.21022)"
47.88.0.90 - - [11/Oct/2016:20:24:07 -0400] "GET /manage HTTP/1.1" 404 456 "http://averagepriceforawebsite.com/manage" "Mozilla/4.0 (compatible; MSIE 9.0; Windows NT 6.1; 125LA; .NET CLR 2.0.50727; .NET CLR 3.0.04506.648; .NET CLR 3.5.21022)"
47.88.0.90 - - [11/Oct/2016:20:24:08 -0400] "GET /manager HTTP/1.1" 404 457 "http://averagepriceforawebsite.com/manager" "Mozilla/4.0 (compatible; MSIE 9.0; Windows NT 6.1; 125LA; .NET CLR 2.0.50727; .NET CLR 3.0.04506.648; .NET CLR 3.5.21022)"
47.88.0.90 - - [11/Oct/2016:20:24:08 -0400] "GET /webadmin HTTP/1.1" 404 458 "http://averagepriceforawebsite.com/webadmin" "Mozilla/4.0 (compatible; MSIE 9.0; Windows NT 6.1; 125LA; .NET CLR 2.0.50727; .NET CLR 3.0.04506.648; .NET CLR 3.5.21022)"
47.88.0.90 - - [11/Oct/2016:20:24:08 -0400] "GET /webmaster HTTP/1.1" 404 459 "http://averagepriceforawebsite.com/webmaster" "Mozilla/4.0 (compatible; MSIE 9.0; Windows NT 6.1; 125LA; .NET CLR 2.0.50727; .NET CLR 3.0.04506.648; .NET CLR 3.5.21022)"
47.88.0.90 - - [11/Oct/2016:20:24:09 -0400] "GET /sysadmin HTTP/1.1" 404 458 "http://averagepriceforawebsite.com/sysadmin" "Mozilla/4.0 (compatible; MSIE 9.0; Windows NT 6.1; 125LA; .NET CLR 2.0.50727; .NET CLR 3.0.04506.648; .NET CLR 3.5.21022)"
47.88.0.90 - - [11/Oct/2016:20:24:09 -0400] "GET /system HTTP/1.1" 404 456 "http://averagepriceforawebsite.com/system" "Mozilla/4.0 (compatible; MSIE 9.0; Windows NT 6.1; 125LA; .NET CLR 2.0.50727; .NET CLR 3.0.04506.648; .NET CLR 3.5.21022)"
47.88.0.90 - - [11/Oct/2016:20:24:09 -0400] "GET /sysadm HTTP/1.1" 404 456 "http://averagepriceforawebsite.com/sysadm" "Mozilla/4.0 (compatible; MSIE 9.0; Windows NT 6.1; 125LA; .NET CLR 2.0.50727; .NET CLR 3.0.04506.648; .NET CLR 3.5.21022)"
47.88.0.90 - - [11/Oct/2016:20:24:10 -0400] "GET /admin_area HTTP/1.1" 404 460 "http://averagepriceforawebsite.com/admin_area" "Mozilla/4.0 (compatible; MSIE 9.0; Windows NT 6.1; 125LA; .NET CLR 2.0.50727; .NET CLR 3.0.04506.648; .NET CLR 3.5.21022)"
47.88.0.90 - - [11/Oct/2016:20:24:10 -0400] "GET /AdminWeb HTTP/1.1" 404 458 "http://averagepriceforawebsite.com/AdminWeb" "Mozilla/4.0 (compatible; MSIE 9.0; Windows NT 6.1; 125LA; .NET CLR 2.0.50727; .NET CLR 3.0.04506.648; .NET CLR 3.5.21022)"
47.88.0.90 - - [11/Oct/2016:20:24:11 -0400] "GET /newsadmin HTTP/1.1" 404 459 "http://averagepriceforawebsite.com/newsadmin" "Mozilla/4.0 (compatible; MSIE 9.0; Windows NT 6.1; 125LA; .NET CLR 2.0.50727; .NET CLR 3.0.04506.648; .NET CLR 3.5.21022)"
47.88.0.90 - - [11/Oct/2016:20:24:11 -0400] "GET /admin888 HTTP/1.1" 404 458 "http://averagepriceforawebsite.com/admin888" "Mozilla/4.0 (compatible; MSIE 9.0; Windows NT 6.1; 125LA; .NET CLR 2.0.50727; .NET CLR 3.0.04506.648; .NET CLR 3.5.21022)"
47.88.0.90 - - [11/Oct/2016:20:24:11 -0400] "GET /control HTTP/1.1" 404 457 "http://averagepriceforawebsite.com/control" "Mozilla/4.0 (compatible; MSIE 9.0; Windows NT 6.1; 125LA; .NET CLR 2.0.50727; .NET CLR 3.0.04506.648; .NET CLR 3.5.21022)"
47.88.0.90 - - [11/Oct/2016:20:24:12 -0400] "GET /moderator HTTP/1.1" 404 459 "http://averagepriceforawebsite.com/moderator" "Mozilla/4.0 (compatible; MSIE 9.0; Windows NT 6.1; 125LA; .NET CLR 2.0.50727; .NET CLR 3.0.04506.648; .NET CLR 3.5.21022)"
47.88.0.90 - - [11/Oct/2016:20:24:12 -0400] "GET /checkadmin HTTP/1.1" 404 460 "http://averagepriceforawebsite.com/checkadmin" "Mozilla/4.0 (compatible; MSIE 9.0; Windows NT 6.1; 125LA; .NET CLR 2.0.50727; .NET CLR 3.0.04506.648; .NET CLR 3.5.21022)"
47.88.0.90 - - [11/Oct/2016:20:24:12 -0400] "GET /processlogin HTTP/1.1" 404 462 "http://averagepriceforawebsite.com/processlogin" "Mozilla/4.0 (compatible; MSIE 9.0; Windows NT 6.1; 125LA; .NET CLR 2.0.50727; .NET CLR 3.0.04506.648; .NET CLR 3.5.21022)"
47.88.0.90 - - [11/Oct/2016:20:24:13 -0400] "GET /fileadmin HTTP/1.1" 404 459 "http://averagepriceforawebsite.com/fileadmin" "Mozilla/4.0 (compatible; MSIE 9.0; Windows NT 6.1; 125LA; .NET CLR 2.0.50727; .NET CLR 3.0.04506.648; .NET CLR 3.5.21022)"
47.88.0.90 - - [11/Oct/2016:20:24:13 -0400] "GET /admin_manage_access HTTP/1.1" 404 469 "http://averagepriceforawebsite.com/admin_manage_access" "Mozilla/4.0 (compatible; MSIE 9.0; Windows NT 6.1; 125LA; .NET CLR 2.0.50727; .NET CLR 3.0.04506.648; .NET CLR 3.5.21022)"
47.88.0.90 - - [11/Oct/2016:20:24:13 -0400] "GET /admin_manage HTTP/1.1" 404 462 "http://averagepriceforawebsite.com/admin_manage" "Mozilla/4.0 (compatible; MSIE 9.0; Windows NT 6.1; 125LA; .NET CLR 2.0.50727; .NET CLR 3.0.04506.648; .NET CLR 3.5.21022)"
47.88.0.90 - - [11/Oct/2016:20:24:14 -0400] "GET /admin_index.htm HTTP/1.1" 404 465 "http://averagepriceforawebsite.com/admin_index.htm" "Mozilla/4.0 (compatible; MSIE 9.0; Windows NT 6.1; 125LA; .NET CLR 2.0.50727; .NET CLR 3.0.04506.648; .NET CLR 3.5.21022)"
47.88.0.90 - - [11/Oct/2016:20:24:14 -0400] "GET /admin_index.html HTTP/1.1" 404 466 "http://averagepriceforawebsite.com/admin_index.html" "Mozilla/4.0 (compatible; MSIE 9.0; Windows NT 6.1; 125LA; .NET CLR 2.0.50727; .NET CLR 3.0.04506.648; .NET CLR 3.5.21022)"
47.88.0.90 - - [11/Oct/2016:20:24:14 -0400] "GET /admin_index.asp HTTP/1.1" 404 465 "http://averagepriceforawebsite.com/admin_index.asp" "Mozilla/4.0 (compatible; MSIE 9.0; Windows NT 6.1; 125LA; .NET CLR 2.0.50727; .NET CLR 3.0.04506.648; .NET CLR 3.5.21022)"
47.88.0.90 - - [11/Oct/2016:20:24:15 -0400] "GET /admin_index.aspx HTTP/1.1" 404 466 "http://averagepriceforawebsite.com/admin_index.aspx" "Mozilla/4.0 (compatible; MSIE 9.0; Windows NT 6.1; 125LA; .NET CLR 2.0.50727; .NET CLR 3.0.04506.648; .NET CLR 3.5.21022)"
47.88.0.90 - - [11/Oct/2016:20:24:15 -0400] "GET /admin_index.php HTTP/1.1" 404 465 "http://averagepriceforawebsite.com/admin_index.php" "Mozilla/4.0 (compatible; MSIE 9.0; Windows NT 6.1; 125LA; .NET CLR 2.0.50727; .NET CLR 3.0.04506.648; .NET CLR 3.5.21022)"
47.88.0.90 - - [11/Oct/2016:20:24:15 -0400] "GET /admin.htm HTTP/1.1" 404 459 "http://averagepriceforawebsite.com/admin.htm" "Mozilla/4.0 (compatible; MSIE 9.0; Windows NT 6.1; 125LA; .NET CLR 2.0.50727; .NET CLR 3.0.04506.648; .NET CLR 3.5.21022)"
47.88.0.90 - - [11/Oct/2016:20:24:16 -0400] "GET /admin.html HTTP/1.1" 404 460 "http://averagepriceforawebsite.com/admin.html" "Mozilla/4.0 (compatible; MSIE 9.0; Windows NT 6.1; 125LA; .NET CLR 2.0.50727; .NET CLR 3.0.04506.648; .NET CLR 3.5.21022)"
47.88.0.90 - - [11/Oct/2016:20:24:16 -0400] "GET /admin.asp HTTP/1.1" 404 459 "http://averagepriceforawebsite.com/admin.asp" "Mozilla/4.0 (compatible; MSIE 9.0; Windows NT 6.1; 125LA; .NET CLR 2.0.50727; .NET CLR 3.0.04506.648; .NET CLR 3.5.21022)"
47.88.0.90 - - [11/Oct/2016:20:24:16 -0400] "GET /admin.aspx HTTP/1.1" 404 460 "http://averagepriceforawebsite.com/admin.aspx" "Mozilla/4.0 (compatible; MSIE 9.0; Windows NT 6.1; 125LA; .NET CLR 2.0.50727; .NET CLR 3.0.04506.648; .NET CLR 3.5.21022)"
47.88.0.90 - - [11/Oct/2016:20:24:17 -0400] "GET /admin.php HTTP/1.1" 404 459 "http://averagepriceforawebsite.com/admin.php" "Mozilla/4.0 (compatible; MSIE 9.0; Windows NT 6.1; 125LA; .NET CLR 2.0.50727; .NET CLR 3.0.04506.648; .NET CLR 3.5.21022)"
47.88.0.90 - - [11/Oct/2016:20:24:17 -0400] "GET /admin_login.htm HTTP/1.1" 404 465 "http://averagepriceforawebsite.com/admin_login.htm" "Mozilla/4.0 (compatible; MSIE 9.0; Windows NT 6.1; 125LA; .NET CLR 2.0.50727; .NET CLR 3.0.04506.648; .NET CLR 3.5.21022)"
